------------------------------------------------------------
TimeQuest Timing Analyzer Summary
------------------------------------------------------------

Type  : Slow 1200mV 85C Model Setup 'cpu:inst16|OP[4]'
Slack : -52.157
TNS   : -822.467

Type  : Slow 1200mV 85C Model Setup 'SW[16]'
Slack : -48.459
TNS   : -5598.393

Type  : Slow 1200mV 85C Model Setup 'lpm_dff1:inst1|lpm_ff:lpm_ff_component|dffs[0]'
Slack : -24.944
TNS   : -1691.835

Type  : Slow 1200mV 85C Model Setup 'CLOCK_50'
Slack : -8.179
TNS   : -3503.511

Type  : Slow 1200mV 85C Model Setup 'dec_keyboard:inst11|f3'
Slack : -4.215
TNS   : -32.425

Type  : Slow 1200mV 85C Model Setup 'clk_div:inst25|clock_100KHz'
Slack : -3.351
TNS   : -3.438

Type  : Slow 1200mV 85C Model Setup 'PS2_CLK'
Slack : -2.062
TNS   : -39.184

Type  : Slow 1200mV 85C Model Setup 'clk_div:inst25|clock_10Khz_int'
Slack : -0.610
TNS   : -1.050

Type  : Slow 1200mV 85C Model Setup 'clk_div:inst25|clock_1Khz_int'
Slack : -0.590
TNS   : -1.037

Type  : Slow 1200mV 85C Model Setup 'clk_div:inst25|clock_100hz_int'
Slack : -0.586
TNS   : -1.030

Type  : Slow 1200mV 85C Model Setup 'clk_div:inst25|clock_1Mhz_int'
Slack : -0.585
TNS   : -1.032

Type  : Slow 1200mV 85C Model Setup 'clk_div:inst25|clock_100Khz_int'
Slack : -0.584
TNS   : -1.035

Type  : Slow 1200mV 85C Model Setup 'clk_div:inst25|clock_1KHz'
Slack : -0.552
TNS   : -0.552

Type  : Slow 1200mV 85C Model Setup 'clk_div:inst25|clock_10Hz_int'
Slack : -0.241
TNS   : -0.647

Type  : Slow 1200mV 85C Model Hold 'SW[16]'
Slack : -5.138
TNS   : -124.050

Type  : Slow 1200mV 85C Model Hold 'CLOCK_50'
Slack : -1.541
TNS   : -5.228

Type  : Slow 1200mV 85C Model Hold 'cpu:inst16|OP[4]'
Slack : -1.457
TNS   : -20.152

Type  : Slow 1200mV 85C Model Hold 'lpm_dff1:inst1|lpm_ff:lpm_ff_component|dffs[0]'
Slack : -0.592
TNS   : -3.250

Type  : Slow 1200mV 85C Model Hold 'clk_div:inst25|clock_1Mhz_int'
Slack : -0.539
TNS   : -0.539

Type  : Slow 1200mV 85C Model Hold 'clk_div:inst25|clock_100Khz_int'
Slack : -0.350
TNS   : -0.350

Type  : Slow 1200mV 85C Model Hold 'clk_div:inst25|clock_100hz_int'
Slack : -0.325
TNS   : -0.325

Type  : Slow 1200mV 85C Model Hold 'clk_div:inst25|clock_1Khz_int'
Slack : -0.162
TNS   : -0.162

Type  : Slow 1200mV 85C Model Hold 'PS2_CLK'
Slack : -0.159
TNS   : -0.159

Type  : Slow 1200mV 85C Model Hold 'clk_div:inst25|clock_10Khz_int'
Slack : -0.122
TNS   : -0.122

Type  : Slow 1200mV 85C Model Hold 'clk_div:inst25|clock_1KHz'
Slack : 0.198
TNS   : 0.000

Type  : Slow 1200mV 85C Model Hold 'clk_div:inst25|clock_10Hz_int'
Slack : 0.401
TNS   : 0.000

Type  : Slow 1200mV 85C Model Hold 'dec_keyboard:inst11|f3'
Slack : 0.404
TNS   : 0.000

Type  : Slow 1200mV 85C Model Hold 'clk_div:inst25|clock_100KHz'
Slack : 0.439
TNS   : 0.000

Type  : Slow 1200mV 85C Model Recovery 'keyboard:inst14|scan_ready'
Slack : -3.798
TNS   : -3.798

Type  : Slow 1200mV 85C Model Recovery 'keyboard:inst14|ready_set'
Slack : 0.014
TNS   : 0.000

Type  : Slow 1200mV 85C Model Removal 'keyboard:inst14|ready_set'
Slack : 0.091
TNS   : 0.000

Type  : Slow 1200mV 85C Model Removal 'keyboard:inst14|scan_ready'
Slack : 4.258
TNS   : 0.000

Type  : Slow 1200mV 85C Model Minimum Pulse Width 'CLOCK_50'
Slack : -3.000
TNS   : -1418.945

Type  : Slow 1200mV 85C Model Minimum Pulse Width 'SW[16]'
Slack : -3.000
TNS   : -499.010

Type  : Slow 1200mV 85C Model Minimum Pulse Width 'PS2_CLK'
Slack : -3.000
TNS   : -32.555

Type  : Slow 1200mV 85C Model Minimum Pulse Width 'lpm_dff1:inst1|lpm_ff:lpm_ff_component|dffs[0]'
Slack : -1.285
TNS   : -312.255

Type  : Slow 1200mV 85C Model Minimum Pulse Width 'dec_keyboard:inst11|f3'
Slack : -1.285
TNS   : -12.850

Type  : Slow 1200mV 85C Model Minimum Pulse Width 'clk_div:inst25|clock_100KHz'
Slack : -1.285
TNS   : -6.425

Type  : Slow 1200mV 85C Model Minimum Pulse Width 'clk_div:inst25|clock_100Khz_int'
Slack : -1.285
TNS   : -5.140

Type  : Slow 1200mV 85C Model Minimum Pulse Width 'clk_div:inst25|clock_100hz_int'
Slack : -1.285
TNS   : -5.140

Type  : Slow 1200mV 85C Model Minimum Pulse Width 'clk_div:inst25|clock_10Hz_int'
Slack : -1.285
TNS   : -5.140

Type  : Slow 1200mV 85C Model Minimum Pulse Width 'clk_div:inst25|clock_10Khz_int'
Slack : -1.285
TNS   : -5.140

Type  : Slow 1200mV 85C Model Minimum Pulse Width 'clk_div:inst25|clock_1Khz_int'
Slack : -1.285
TNS   : -5.140

Type  : Slow 1200mV 85C Model Minimum Pulse Width 'clk_div:inst25|clock_1Mhz_int'
Slack : -1.285
TNS   : -5.140

Type  : Slow 1200mV 85C Model Minimum Pulse Width 'clk_div:inst25|clock_1KHz'
Slack : -1.285
TNS   : -3.855

Type  : Slow 1200mV 85C Model Minimum Pulse Width 'keyboard:inst14|ready_set'
Slack : -1.285
TNS   : -1.285

Type  : Slow 1200mV 85C Model Minimum Pulse Width 'keyboard:inst14|scan_ready'
Slack : -1.285
TNS   : -1.285

Type  : Slow 1200mV 85C Model Minimum Pulse Width 'cpu:inst16|OP[4]'
Slack : 0.325
TNS   : 0.000

Type  : Slow 1200mV 0C Model Setup 'cpu:inst16|OP[4]'
Slack : -47.341
TNS   : -745.794

Type  : Slow 1200mV 0C Model Setup 'SW[16]'
Slack : -43.673
TNS   : -5133.401

Type  : Slow 1200mV 0C Model Setup 'lpm_dff1:inst1|lpm_ff:lpm_ff_component|dffs[0]'
Slack : -22.604
TNS   : -1527.805

Type  : Slow 1200mV 0C Model Setup 'CLOCK_50'
Slack : -7.407
TNS   : -3182.736

Type  : Slow 1200mV 0C Model Setup 'dec_keyboard:inst11|f3'
Slack : -3.873
TNS   : -30.083

Type  : Slow 1200mV 0C Model Setup 'clk_div:inst25|clock_100KHz'
Slack : -2.926
TNS   : -2.926

Type  : Slow 1200mV 0C Model Setup 'PS2_CLK'
Slack : -1.821
TNS   : -34.094

Type  : Slow 1200mV 0C Model Setup 'clk_div:inst25|clock_10Khz_int'
Slack : -0.458
TNS   : -0.605

Type  : Slow 1200mV 0C Model Setup 'clk_div:inst25|clock_1Mhz_int'
Slack : -0.435
TNS   : -0.586

Type  : Slow 1200mV 0C Model Setup 'clk_div:inst25|clock_1Khz_int'
Slack : -0.429
TNS   : -0.582

Type  : Slow 1200mV 0C Model Setup 'clk_div:inst25|clock_100hz_int'
Slack : -0.425
TNS   : -0.578

Type  : Slow 1200mV 0C Model Setup 'clk_div:inst25|clock_100Khz_int'
Slack : -0.422
TNS   : -0.575

Type  : Slow 1200mV 0C Model Setup 'clk_div:inst25|clock_1KHz'
Slack : -0.395
TNS   : -0.395

Type  : Slow 1200mV 0C Model Setup 'clk_div:inst25|clock_10Hz_int'
Slack : -0.118
TNS   : -0.275

Type  : Slow 1200mV 0C Model Hold 'SW[16]'
Slack : -4.845
TNS   : -138.555

Type  : Slow 1200mV 0C Model Hold 'CLOCK_50'
Slack : -1.373
TNS   : -3.819

Type  : Slow 1200mV 0C Model Hold 'cpu:inst16|OP[4]'
Slack : -1.242
TNS   : -17.473

Type  : Slow 1200mV 0C Model Hold 'lpm_dff1:inst1|lpm_ff:lpm_ff_component|dffs[0]'
Slack : -0.468
TNS   : -2.416

Type  : Slow 1200mV 0C Model Hold 'clk_div:inst25|clock_1Mhz_int'
Slack : -0.401
TNS   : -0.401

Type  : Slow 1200mV 0C Model Hold 'clk_div:inst25|clock_100Khz_int'
Slack : -0.234
TNS   : -0.234

Type  : Slow 1200mV 0C Model Hold 'clk_div:inst25|clock_100hz_int'
Slack : -0.180
TNS   : -0.180

Type  : Slow 1200mV 0C Model Hold 'PS2_CLK'
Slack : -0.139
TNS   : -0.139

Type  : Slow 1200mV 0C Model Hold 'clk_div:inst25|clock_1Khz_int'
Slack : -0.065
TNS   : -0.065

Type  : Slow 1200mV 0C Model Hold 'clk_div:inst25|clock_10Khz_int'
Slack : -0.042
TNS   : -0.042

Type  : Slow 1200mV 0C Model Hold 'clk_div:inst25|clock_1KHz'
Slack : 0.150
TNS   : 0.000

Type  : Slow 1200mV 0C Model Hold 'clk_div:inst25|clock_10Hz_int'
Slack : 0.354
TNS   : 0.000

Type  : Slow 1200mV 0C Model Hold 'dec_keyboard:inst11|f3'
Slack : 0.355
TNS   : 0.000

Type  : Slow 1200mV 0C Model Hold 'clk_div:inst25|clock_100KHz'
Slack : 0.405
TNS   : 0.000

Type  : Slow 1200mV 0C Model Recovery 'keyboard:inst14|scan_ready'
Slack : -3.352
TNS   : -3.352

Type  : Slow 1200mV 0C Model Recovery 'keyboard:inst14|ready_set'
Slack : 0.132
TNS   : 0.000

Type  : Slow 1200mV 0C Model Removal 'keyboard:inst14|ready_set'
Slack : 0.061
TNS   : 0.000

Type  : Slow 1200mV 0C Model Removal 'keyboard:inst14|scan_ready'
Slack : 3.881
TNS   : 0.000

Type  : Slow 1200mV 0C Model Minimum Pulse Width 'CLOCK_50'
Slack : -3.000
TNS   : -1397.385

Type  : Slow 1200mV 0C Model Minimum Pulse Width 'SW[16]'
Slack : -3.000
TNS   : -499.010

Type  : Slow 1200mV 0C Model Minimum Pulse Width 'PS2_CLK'
Slack : -3.000
TNS   : -32.555

Type  : Slow 1200mV 0C Model Minimum Pulse Width 'lpm_dff1:inst1|lpm_ff:lpm_ff_component|dffs[0]'
Slack : -1.285
TNS   : -312.255

Type  : Slow 1200mV 0C Model Minimum Pulse Width 'dec_keyboard:inst11|f3'
Slack : -1.285
TNS   : -12.850

Type  : Slow 1200mV 0C Model Minimum Pulse Width 'clk_div:inst25|clock_100KHz'
Slack : -1.285
TNS   : -6.425

Type  : Slow 1200mV 0C Model Minimum Pulse Width 'clk_div:inst25|clock_100Khz_int'
Slack : -1.285
TNS   : -5.140

Type  : Slow 1200mV 0C Model Minimum Pulse Width 'clk_div:inst25|clock_100hz_int'
Slack : -1.285
TNS   : -5.140

Type  : Slow 1200mV 0C Model Minimum Pulse Width 'clk_div:inst25|clock_10Hz_int'
Slack : -1.285
TNS   : -5.140

Type  : Slow 1200mV 0C Model Minimum Pulse Width 'clk_div:inst25|clock_10Khz_int'
Slack : -1.285
TNS   : -5.140

Type  : Slow 1200mV 0C Model Minimum Pulse Width 'clk_div:inst25|clock_1Khz_int'
Slack : -1.285
TNS   : -5.140

Type  : Slow 1200mV 0C Model Minimum Pulse Width 'clk_div:inst25|clock_1Mhz_int'
Slack : -1.285
TNS   : -5.140

Type  : Slow 1200mV 0C Model Minimum Pulse Width 'clk_div:inst25|clock_1KHz'
Slack : -1.285
TNS   : -3.855

Type  : Slow 1200mV 0C Model Minimum Pulse Width 'keyboard:inst14|ready_set'
Slack : -1.285
TNS   : -1.285

Type  : Slow 1200mV 0C Model Minimum Pulse Width 'keyboard:inst14|scan_ready'
Slack : -1.285
TNS   : -1.285

Type  : Slow 1200mV 0C Model Minimum Pulse Width 'cpu:inst16|OP[4]'
Slack : 0.421
TNS   : 0.000

Type  : Fast 1200mV 0C Model Setup 'cpu:inst16|OP[4]'
Slack : -25.255
TNS   : -396.842

Type  : Fast 1200mV 0C Model Setup 'SW[16]'
Slack : -23.275
TNS   : -2704.846

Type  : Fast 1200mV 0C Model Setup 'lpm_dff1:inst1|lpm_ff:lpm_ff_component|dffs[0]'
Slack : -11.538
TNS   : -710.203

Type  : Fast 1200mV 0C Model Setup 'CLOCK_50'
Slack : -3.656
TNS   : -1461.699

Type  : Fast 1200mV 0C Model Setup 'dec_keyboard:inst11|f3'
Slack : -1.353
TNS   : -9.310

Type  : Fast 1200mV 0C Model Setup 'clk_div:inst25|clock_100KHz'
Slack : -1.282
TNS   : -1.282

Type  : Fast 1200mV 0C Model Setup 'PS2_CLK'
Slack : -0.495
TNS   : -6.734

Type  : Fast 1200mV 0C Model Setup 'clk_div:inst25|clock_10Khz_int'
Slack : 0.194
TNS   : 0.000

Type  : Fast 1200mV 0C Model Setup 'clk_div:inst25|clock_1Khz_int'
Slack : 0.220
TNS   : 0.000

Type  : Fast 1200mV 0C Model Setup 'clk_div:inst25|clock_100hz_int'
Slack : 0.223
TNS   : 0.000

Type  : Fast 1200mV 0C Model Setup 'clk_div:inst25|clock_100Khz_int'
Slack : 0.226
TNS   : 0.000

Type  : Fast 1200mV 0C Model Setup 'clk_div:inst25|clock_1KHz'
Slack : 0.238
TNS   : 0.000

Type  : Fast 1200mV 0C Model Setup 'clk_div:inst25|clock_1Mhz_int'
Slack : 0.239
TNS   : 0.000

Type  : Fast 1200mV 0C Model Setup 'clk_div:inst25|clock_10Hz_int'
Slack : 0.389
TNS   : 0.000

Type  : Fast 1200mV 0C Model Hold 'SW[16]'
Slack : -2.612
TNS   : -79.059

Type  : Fast 1200mV 0C Model Hold 'cpu:inst16|OP[4]'
Slack : -1.092
TNS   : -15.172

Type  : Fast 1200mV 0C Model Hold 'CLOCK_50'
Slack : -0.886
TNS   : -4.943

Type  : Fast 1200mV 0C Model Hold 'lpm_dff1:inst1|lpm_ff:lpm_ff_component|dffs[0]'
Slack : -0.463
TNS   : -2.602

Type  : Fast 1200mV 0C Model Hold 'clk_div:inst25|clock_1Mhz_int'
Slack : -0.427
TNS   : -0.427

Type  : Fast 1200mV 0C Model Hold 'clk_div:inst25|clock_100hz_int'
Slack : -0.362
TNS   : -0.362

Type  : Fast 1200mV 0C Model Hold 'clk_div:inst25|clock_100Khz_int'
Slack : -0.348
TNS   : -0.348

Type  : Fast 1200mV 0C Model Hold 'clk_div:inst25|clock_1Khz_int'
Slack : -0.231
TNS   : -0.231

Type  : Fast 1200mV 0C Model Hold 'clk_div:inst25|clock_10Khz_int'
Slack : -0.183
TNS   : -0.183

Type  : Fast 1200mV 0C Model Hold 'PS2_CLK'
Slack : -0.090
TNS   : -0.090

Type  : Fast 1200mV 0C Model Hold 'clk_div:inst25|clock_1KHz'
Slack : -0.059
TNS   : -0.079

Type  : Fast 1200mV 0C Model Hold 'clk_div:inst25|clock_10Hz_int'
Slack : 0.181
TNS   : 0.000

Type  : Fast 1200mV 0C Model Hold 'dec_keyboard:inst11|f3'
Slack : 0.183
TNS   : 0.000

Type  : Fast 1200mV 0C Model Hold 'clk_div:inst25|clock_100KHz'
Slack : 0.194
TNS   : 0.000

Type  : Fast 1200mV 0C Model Recovery 'keyboard:inst14|scan_ready'
Slack : -1.482
TNS   : -1.482

Type  : Fast 1200mV 0C Model Recovery 'keyboard:inst14|ready_set'
Slack : 0.147
TNS   : 0.000

Type  : Fast 1200mV 0C Model Removal 'keyboard:inst14|ready_set'
Slack : 0.071
TNS   : 0.000

Type  : Fast 1200mV 0C Model Removal 'keyboard:inst14|scan_ready'
Slack : 2.183
TNS   : 0.000

Type  : Fast 1200mV 0C Model Minimum Pulse Width 'CLOCK_50'
Slack : -3.000
TNS   : -742.645

Type  : Fast 1200mV 0C Model Minimum Pulse Width 'SW[16]'
Slack : -3.000
TNS   : -652.360

Type  : Fast 1200mV 0C Model Minimum Pulse Width 'PS2_CLK'
Slack : -3.000
TNS   : -40.060

Type  : Fast 1200mV 0C Model Minimum Pulse Width 'lpm_dff1:inst1|lpm_ff:lpm_ff_component|dffs[0]'
Slack : -1.000
TNS   : -243.000

Type  : Fast 1200mV 0C Model Minimum Pulse Width 'dec_keyboard:inst11|f3'
Slack : -1.000
TNS   : -10.000

Type  : Fast 1200mV 0C Model Minimum Pulse Width 'clk_div:inst25|clock_100KHz'
Slack : -1.000
TNS   : -5.000

Type  : Fast 1200mV 0C Model Minimum Pulse Width 'clk_div:inst25|clock_100Khz_int'
Slack : -1.000
TNS   : -4.000

Type  : Fast 1200mV 0C Model Minimum Pulse Width 'clk_div:inst25|clock_100hz_int'
Slack : -1.000
TNS   : -4.000

Type  : Fast 1200mV 0C Model Minimum Pulse Width 'clk_div:inst25|clock_10Hz_int'
Slack : -1.000
TNS   : -4.000

Type  : Fast 1200mV 0C Model Minimum Pulse Width 'clk_div:inst25|clock_10Khz_int'
Slack : -1.000
TNS   : -4.000

Type  : Fast 1200mV 0C Model Minimum Pulse Width 'clk_div:inst25|clock_1Khz_int'
Slack : -1.000
TNS   : -4.000

Type  : Fast 1200mV 0C Model Minimum Pulse Width 'clk_div:inst25|clock_1Mhz_int'
Slack : -1.000
TNS   : -4.000

Type  : Fast 1200mV 0C Model Minimum Pulse Width 'clk_div:inst25|clock_1KHz'
Slack : -1.000
TNS   : -3.000

Type  : Fast 1200mV 0C Model Minimum Pulse Width 'keyboard:inst14|ready_set'
Slack : -1.000
TNS   : -1.000

Type  : Fast 1200mV 0C Model Minimum Pulse Width 'keyboard:inst14|scan_ready'
Slack : -1.000
TNS   : -1.000

Type  : Fast 1200mV 0C Model Minimum Pulse Width 'cpu:inst16|OP[4]'
Slack : 0.261
TNS   : 0.000

------------------------------------------------------------
